
> frontend@0.1.0 dev
> next dev

▲ Next.js 16.1.6 (Turbopack)
- Local:         http://localhost:3000
- Network:       http://192.168.1.76:3000
- Environments: .env

✓ Starting...
Watchpack Error (initial scan): Error: ETIMEDOUT: connection timed out, lstat '/Users/maxime/OrbStack'
✓ Ready in 641ms
Watchpack Error (initial scan): Error: ETIMEDOUT: connection timed out, lstat '/Users/maxime/OrbStack'
{"level":50,"time":1771615058298,"pid":88688,"hostname":"Air-de-Benoit-2.localdomain","name":"core","context":"core","msg":"this.localStorage.getItem is not a function"}

{"level":50,"time":1771615058298,"pid":88688,"hostname":"Air-de-Benoit-2.localdomain","name":"core","context":"core","msg":"this.localStorage.getItem is not a function"}

{"level":50,"time":1771615058298,"pid":88688,"hostname":"Air-de-Benoit-2.localdomain","context":"client","msg":"this.localStorage.getItem is not a function"}
{"level":50,"time":1771615058298,"pid":88688,"hostname":"Air-de-Benoit-2.localdomain","context":"client","msg":"this.localStorage.getItem is not a function"}
(node:88688) Warning: `--localstorage-file` was provided without a valid path
(Use `node --trace-warnings ...` to show where the warning was created)
TypeError: this.localStorage.getItem is not a function
    at K.getItem (.next/dev/server/chunks/ssr/[root-of-the-server]__7ad37a63._.js:7844:37)
    at h.getItem (.next/dev/server/chunks/ssr/[root-of-the-server]__7ad37a63._.js:7902:54)
⨯ unhandledRejection: TypeError: this.localStorage.getItem is not a function
    at K.getItem (.next/dev/server/chunks/ssr/[root-of-the-server]__7ad37a63._.js:7844:37)
    at h.getItem (.next/dev/server/chunks/ssr/[root-of-the-server]__7ad37a63._.js:7902:54)
⨯ unhandledRejection:  TypeError: this.localStorage.getItem is not a function
    at K.getItem (.next/dev/server/chunks/ssr/[root-of-the-server]__7ad37a63._.js:7844:37)
    at h.getItem (.next/dev/server/chunks/ssr/[root-of-the-server]__7ad37a63._.js:7902:54)
TypeError: this.localStorage.setItem is not a function
    at K.setItem (.next/dev/server/chunks/ssr/[root-of-the-server]__7ad37a63._.js:7848:27)
    at h.setItem (.next/dev/server/chunks/ssr/[root-of-the-server]__7ad37a63._.js:7905:54)
⨯ unhandledRejection: TypeError: this.localStorage.setItem is not a function
    at K.setItem (.next/dev/server/chunks/ssr/[root-of-the-server]__7ad37a63._.js:7848:27)
    at h.setItem (.next/dev/server/chunks/ssr/[root-of-the-server]__7ad37a63._.js:7905:54)
⨯ unhandledRejection:  TypeError: this.localStorage.setItem is not a function
    at K.setItem (.next/dev/server/chunks/ssr/[root-of-the-server]__7ad37a63._.js:7848:27)
    at h.setItem (.next/dev/server/chunks/ssr/[root-of-the-server]__7ad37a63._.js:7905:54)
TypeError: this.localStorage.getItem is not a function
    at K.getItem (.next/dev/server/chunks/ssr/[root-of-the-server]__7ad37a63._.js:7844:37)
    at h.getItem (.next/dev/server/chunks/ssr/[root-of-the-server]__7ad37a63._.js:7902:54)
⨯ unhandledRejection: TypeError: this.localStorage.getItem is not a function
    at K.getItem (.next/dev/server/chunks/ssr/[root-of-the-server]__7ad37a63._.js:7844:37)
    at h.getItem (.next/dev/server/chunks/ssr/[root-of-the-server]__7ad37a63._.js:7902:54)
⨯ unhandledRejection:  TypeError: this.localStorage.getItem is not a function
    at K.getItem (.next/dev/server/chunks/ssr/[root-of-the-server]__7ad37a63._.js:7844:37)
    at h.getItem (.next/dev/server/chunks/ssr/[root-of-the-server]__7ad37a63._.js:7902:54)
TypeError: this.localStorage.setItem is not a function
    at K.setItem (.next/dev/server/chunks/ssr/[root-of-the-server]__7ad37a63._.js:7848:27)
    at h.setItem (.next/dev/server/chunks/ssr/[root-of-the-server]__7ad37a63._.js:7905:54)
⨯ unhandledRejection: TypeError: this.localStorage.setItem is not a function
    at K.setItem (.next/dev/server/chunks/ssr/[root-of-the-server]__7ad37a63._.js:7848:27)
    at h.setItem (.next/dev/server/chunks/ssr/[root-of-the-server]__7ad37a63._.js:7905:54)
⨯ unhandledRejection:  TypeError: this.localStorage.setItem is not a function
    at K.setItem (.next/dev/server/chunks/ssr/[root-of-the-server]__7ad37a63._.js:7848:27)
    at h.setItem (.next/dev/server/chunks/ssr/[root-of-the-server]__7ad37a63._.js:7905:54)
 GET /trade 200 in 1463ms (compile: 1217ms, render: 245ms)
 HEAD /trade 200 in 352ms (compile: 322ms, render: 30ms)
 GET /trade 200 in 164ms (compile: 122ms, render: 42ms)
 HEAD /trade 200 in 146ms (compile: 121ms, render: 24ms)
